
> backend@1.0.0 test
> node --experimental-vm-modules node_modules/jest/bin/jest.js --verbose

npm : 
At line:1 char:1
+ npm run test > 
test_output.txt 2>&1
+ ~~~~~~~~~~~~~~~~~~~~
~~~~~~~~~~~~~~~
    + CategoryInfo    
          : NotSpeci  
  fied: (:String) [   
 ], RemoteExceptio    
n
    + FullyQualifiedE 
   rrorId : NativeCo  
  mmandError
 
ReferenceError: You 
are trying to 
`import` a file after 
the Jest environment 
has been torn down. 
From tests/integration
/auth.routes.test.js.
FAIL tests/integration
/auth.routes.test.js
  ΓùÅ Test suite 
failed to run

    ENOENT: no such 
file or directory, 
open 'C:\Users\admin\D
ownloads\code_web\e-co
mmerce-1\backend\model
s\index.js '

      at Runtime.readF
ileBuffer (node_module
s/jest-runtime/build/i
ndex.js:1924:21)

(node:22004) 
ExperimentalWarning: 
VM Modules is an 
experimental feature 
and might change at 
any time
(Use `node 
--trace-warnings ...` 
to show where the 
warning was created)
PASS tests/unit/auth.c
ontroller.test.js
  Auth Controller 
Unit Tests
    register
      ΓêÜ should 
return 400 if missing 
info (6 ms)
      ΓêÜ should 
return 409 if email 
already exists (2 ms)
      ΓêÜ should 
successfully register 
a new user and return 
201 (2 ms)
    login
      ΓêÜ should 
return 401 if user 
not found (1 ms)
      ΓêÜ should 
return 403 if user is 
locked (1 ms)
      ΓêÜ should 
return 401 if 
password does not 
match (2 ms)
      ΓêÜ should 
successfully login 
and return token (10 
ms)

Test Suites: 1 
failed, 1 passed, 2 
total
Tests:       7 
passed, 7 total
Snapshots:   0 total
Time:        1.926 s
Ran all test suites.
